running egg_info
creating src\cobol_archaeologist.egg-info
writing src\cobol_archaeologist.egg-info\PKG-INFO
writing dependency_links to src\cobol_archaeologist.egg-info\dependency_links.txt
writing entry points to src\cobol_archaeologist.egg-info\entry_points.txt
writing requirements to src\cobol_archaeologist.egg-info\requires.txt
writing top-level names to src\cobol_archaeologist.egg-info\top_level.txt
writing manifest file 'src\cobol_archaeologist.egg-info\SOURCES.txt'
reading manifest file 'src\cobol_archaeologist.egg-info\SOURCES.txt'
reading manifest template 'MANIFEST.in'
adding license file 'LICENSE'
writing manifest file 'src\cobol_archaeologist.egg-info\SOURCES.txt'
running bdist_wheel
running build
running build_py
creating build\lib\cobol_archaeologist
copying src\cobol_archaeologist\cli.py -> build\lib\cobol_archaeologist
copying src\cobol_archaeologist\schemas.py -> build\lib\cobol_archaeologist
copying src\cobol_archaeologist\tools.py -> build\lib\cobol_archaeologist
copying src\cobol_archaeologist\tool_types.py -> build\lib\cobol_archaeologist
copying src\cobol_archaeologist\_resources.py -> build\lib\cobol_archaeologist
copying src\cobol_archaeologist\__init__.py -> build\lib\cobol_archaeologist
creating build\lib\cobol_archaeologist\agent
copying src\cobol_archaeologist\agent\adaptive.py -> build\lib\cobol_archaeologist\agent
copying src\cobol_archaeologist\agent\loop.py -> build\lib\cobol_archaeologist\agent
copying src\cobol_archaeologist\agent\policy.py -> build\lib\cobol_archaeologist\agent
copying src\cobol_archaeologist\agent\stub_tools.py -> build\lib\cobol_archaeologist\agent
copying src\cobol_archaeologist\agent\trajectory.py -> build\lib\cobol_archaeologist\agent
copying src\cobol_archaeologist\agent\__init__.py -> build\lib\cobol_archaeologist\agent
creating build\lib\cobol_archaeologist\benchmark
copying src\cobol_archaeologist\benchmark\annotation.py -> build\lib\cobol_archaeologist\benchmark
copying src\cobol_archaeologist\benchmark\build.py -> build\lib\cobol_archaeologist\benchmark
copying src\cobol_archaeologist\benchmark\freeze.py -> build\lib\cobol_archaeologist\benchmark
copying src\cobol_archaeologist\benchmark\judge.py -> build\lib\cobol_archaeologist\benchmark
copying src\cobol_archaeologist\benchmark\mutate.py -> build\lib\cobol_archaeologist\benchmark
copying src\cobol_archaeologist\benchmark\splits.py -> build\lib\cobol_archaeologist\benchmark
copying src\cobol_archaeologist\benchmark\surface.py -> build\lib\cobol_archaeologist\benchmark
copying src\cobol_archaeologist\benchmark\t6_adjudication.py -> build\lib\cobol_archaeologist\benchmark
copying src\cobol_archaeologist\benchmark\t6_adjudication_bridge.py -> build\lib\cobol_archaeologist\benchmark
copying src\cobol_archaeologist\benchmark\t6_comparison.py -> build\lib\cobol_archaeologist\benchmark
copying src\cobol_archaeologist\benchmark\t6_pair_correction.py -> build\lib\cobol_archaeologist\benchmark
copying src\cobol_archaeologist\benchmark\t6_replacement.py -> build\lib\cobol_archaeologist\benchmark
copying src\cobol_archaeologist\benchmark\t6_review.py -> build\lib\cobol_archaeologist\benchmark
copying src\cobol_archaeologist\benchmark\t6_v2.py -> build\lib\cobol_archaeologist\benchmark
copying src\cobol_archaeologist\benchmark\__init__.py -> build\lib\cobol_archaeologist\benchmark
creating build\lib\cobol_archaeologist\eval
copying src\cobol_archaeologist\eval\ablations.py -> build\lib\cobol_archaeologist\eval
copying src\cobol_archaeologist\eval\ablation_report.py -> build\lib\cobol_archaeologist\eval
copying src\cobol_archaeologist\eval\baselines.py -> build\lib\cobol_archaeologist\eval
copying src\cobol_archaeologist\eval\calibration.py -> build\lib\cobol_archaeologist\eval
copying src\cobol_archaeologist\eval\codex_batch.py -> build\lib\cobol_archaeologist\eval
copying src\cobol_archaeologist\eval\codex_live.py -> build\lib\cobol_archaeologist\eval
copying src\cobol_archaeologist\eval\codex_native.py -> build\lib\cobol_archaeologist\eval
copying src\cobol_archaeologist\eval\codex_tool.py -> build\lib\cobol_archaeologist\eval
copying src\cobol_archaeologist\eval\collaboration_staging.py -> build\lib\cobol_archaeologist\eval
copying src\cobol_archaeologist\eval\collaboration_transport.py -> build\lib\cobol_archaeologist\eval
copying src\cobol_archaeologist\eval\config3_controls.py -> build\lib\cobol_archaeologist\eval
copying src\cobol_archaeologist\eval\config3_live.py -> build\lib\cobol_archaeologist\eval
copying src\cobol_archaeologist\eval\config3_prepare.py -> build\lib\cobol_archaeologist\eval
copying src\cobol_archaeologist\eval\config4_adaptive.py -> build\lib\cobol_archaeologist\eval
copying src\cobol_archaeologist\eval\config4_live.py -> build\lib\cobol_archaeologist\eval
copying src\cobol_archaeologist\eval\config4_prepare.py -> build\lib\cobol_archaeologist\eval
copying src\cobol_archaeologist\eval\config4_runner.py -> build\lib\cobol_archaeologist\eval
copying src\cobol_archaeologist\eval\live.py -> build\lib\cobol_archaeologist\eval
copying src\cobol_archaeologist\eval\materialize.py -> build\lib\cobol_archaeologist\eval
copying src\cobol_archaeologist\eval\metrics.py -> build\lib\cobol_archaeologist\eval
copying src\cobol_archaeologist\eval\phase5.py -> build\lib\cobol_archaeologist\eval
copying src\cobol_archaeologist\eval\phase5_close.py -> build\lib\cobol_archaeologist\eval
copying src\cobol_archaeologist\eval\phase5_complete.py -> build\lib\cobol_archaeologist\eval
copying src\cobol_archaeologist\eval\phase5_headline.py -> build\lib\cobol_archaeologist\eval
copying src\cobol_archaeologist\eval\phase5_report.py -> build\lib\cobol_archaeologist\eval
copying src\cobol_archaeologist\eval\phase5_reuse.py -> build\lib\cobol_archaeologist\eval
copying src\cobol_archaeologist\eval\report.py -> build\lib\cobol_archaeologist\eval
copying src\cobol_archaeologist\eval\run.py -> build\lib\cobol_archaeologist\eval
copying src\cobol_archaeologist\eval\schemas.py -> build\lib\cobol_archaeologist\eval
copying src\cobol_archaeologist\eval\statistics.py -> build\lib\cobol_archaeologist\eval
copying src\cobol_archaeologist\eval\trajectory.py -> build\lib\cobol_archaeologist\eval
copying src\cobol_archaeologist\eval\__init__.py -> build\lib\cobol_archaeologist\eval
creating build\lib\cobol_archaeologist\ingest
copying src\cobol_archaeologist\ingest\cleaner.py -> build\lib\cobol_archaeologist\ingest
copying src\cobol_archaeologist\ingest\__init__.py -> build\lib\cobol_archaeologist\ingest
creating build\lib\cobol_archaeologist\mcp_server
copying src\cobol_archaeologist\mcp_server\server.py -> build\lib\cobol_archaeologist\mcp_server
copying src\cobol_archaeologist\mcp_server\__init__.py -> build\lib\cobol_archaeologist\mcp_server
creating build\lib\cobol_archaeologist\migration
copying src\cobol_archaeologist\migration\agent.py -> build\lib\cobol_archaeologist\migration
copying src\cobol_archaeologist\migration\ai_review.py -> build\lib\cobol_archaeologist\migration
copying src\cobol_archaeologist\migration\backend.py -> build\lib\cobol_archaeologist\migration
copying src\cobol_archaeologist\migration\contracts.py -> build\lib\cobol_archaeologist\migration
copying src\cobol_archaeologist\migration\report.py -> build\lib\cobol_archaeologist\migration
copying src\cobol_archaeologist\migration\roster.py -> build\lib\cobol_archaeologist\migration
copying src\cobol_archaeologist\migration\successor.py -> build\lib\cobol_archaeologist\migration
copying src\cobol_archaeologist\migration\validate.py -> build\lib\cobol_archaeologist\migration
copying src\cobol_archaeologist\migration\__init__.py -> build\lib\cobol_archaeologist\migration
creating build\lib\cobol_archaeologist\model
copying src\cobol_archaeologist\model\cobc.py -> build\lib\cobol_archaeologist\model
copying src\cobol_archaeologist\model\prompt.py -> build\lib\cobol_archaeologist\model
copying src\cobol_archaeologist\model\provider.py -> build\lib\cobol_archaeologist\model
copying src\cobol_archaeologist\model\run_cobol.py -> build\lib\cobol_archaeologist\model
copying src\cobol_archaeologist\model\verify.py -> build\lib\cobol_archaeologist\model
copying src\cobol_archaeologist\model\__init__.py -> build\lib\cobol_archaeologist\model
creating build\lib\cobol_archaeologist\parser
copying src\cobol_archaeologist\parser\copybooks.py -> build\lib\cobol_archaeologist\parser
copying src\cobol_archaeologist\parser\paragraphs.py -> build\lib\cobol_archaeologist\parser
copying src\cobol_archaeologist\parser\_grammar.py -> build\lib\cobol_archaeologist\parser
copying src\cobol_archaeologist\parser\__init__.py -> build\lib\cobol_archaeologist\parser
creating build\lib\cobol_archaeologist\rag
copying src\cobol_archaeologist\rag\chunker.py -> build\lib\cobol_archaeologist\rag
copying src\cobol_archaeologist\rag\embed.py -> build\lib\cobol_archaeologist\rag
copying src\cobol_archaeologist\rag\hyde.py -> build\lib\cobol_archaeologist\rag
copying src\cobol_archaeologist\rag\index.py -> build\lib\cobol_archaeologist\rag
copying src\cobol_archaeologist\rag\pdf_loader.py -> build\lib\cobol_archaeologist\rag
copying src\cobol_archaeologist\rag\schemas.py -> build\lib\cobol_archaeologist\rag
copying src\cobol_archaeologist\rag\search.py -> build\lib\cobol_archaeologist\rag
copying src\cobol_archaeologist\rag\__init__.py -> build\lib\cobol_archaeologist\rag
creating build\lib\cobol_archaeologist\static_analysis
copying src\cobol_archaeologist\static_analysis\call_graph.py -> build\lib\cobol_archaeologist\static_analysis
copying src\cobol_archaeologist\static_analysis\dataflow.py -> build\lib\cobol_archaeologist\static_analysis
copying src\cobol_archaeologist\static_analysis\slicer.py -> build\lib\cobol_archaeologist\static_analysis
copying src\cobol_archaeologist\static_analysis\__init__.py -> build\lib\cobol_archaeologist\static_analysis
creating build\lib\cobol_archaeologist\agent\hunts
copying src\cobol_archaeologist\agent\hunts\d1.py -> build\lib\cobol_archaeologist\agent\hunts
copying src\cobol_archaeologist\agent\hunts\d2.py -> build\lib\cobol_archaeologist\agent\hunts
copying src\cobol_archaeologist\agent\hunts\d3.py -> build\lib\cobol_archaeologist\agent\hunts
copying src\cobol_archaeologist\agent\hunts\d4.py -> build\lib\cobol_archaeologist\agent\hunts
copying src\cobol_archaeologist\agent\hunts\d5.py -> build\lib\cobol_archaeologist\agent\hunts
copying src\cobol_archaeologist\agent\hunts\d6.py -> build\lib\cobol_archaeologist\agent\hunts
copying src\cobol_archaeologist\agent\hunts\d7.py -> build\lib\cobol_archaeologist\agent\hunts
copying src\cobol_archaeologist\agent\hunts\__init__.py -> build\lib\cobol_archaeologist\agent\hunts
running egg_info
writing src\cobol_archaeologist.egg-info\PKG-INFO
writing dependency_links to src\cobol_archaeologist.egg-info\dependency_links.txt
writing entry points to src\cobol_archaeologist.egg-info\entry_points.txt
writing requirements to src\cobol_archaeologist.egg-info\requires.txt
writing top-level names to src\cobol_archaeologist.egg-info\top_level.txt
reading manifest file 'src\cobol_archaeologist.egg-info\SOURCES.txt'
reading manifest template 'MANIFEST.in'
adding license file 'LICENSE'
writing manifest file 'src\cobol_archaeologist.egg-info\SOURCES.txt'
installing to build\bdist.win-amd64\wheel
running install
running install_lib
creating build\bdist.win-amd64\wheel
creating build\bdist.win-amd64\wheel\cobol_archaeologist
creating build\bdist.win-amd64\wheel\cobol_archaeologist\agent
copying build\lib\cobol_archaeologist\agent\adaptive.py -> build\bdist.win-amd64\wheel\.\cobol_archaeologist\agent
creating build\bdist.win-amd64\wheel\cobol_archaeologist\agent\hunts
copying build\lib\cobol_archaeologist\agent\hunts\d1.py -> build\bdist.win-amd64\wheel\.\cobol_archaeologist\agent\hunts
copying build\lib\cobol_archaeologist\agent\hunts\d2.py -> build\bdist.win-amd64\wheel\.\cobol_archaeologist\agent\hunts
copying build\lib\cobol_archaeologist\agent\hunts\d3.py -> build\bdist.win-amd64\wheel\.\cobol_archaeologist\agent\hunts
copying build\lib\cobol_archaeologist\agent\hunts\d4.py -> build\bdist.win-amd64\wheel\.\cobol_archaeologist\agent\hunts
copying build\lib\cobol_archaeologist\agent\hunts\d5.py -> build\bdist.win-amd64\wheel\.\cobol_archaeologist\agent\hunts
copying build\lib\cobol_archaeologist\agent\hunts\d6.py -> build\bdist.win-amd64\wheel\.\cobol_archaeologist\agent\hunts
copying build\lib\cobol_archaeologist\agent\hunts\d7.py -> build\bdist.win-amd64\wheel\.\cobol_archaeologist\agent\hunts
copying build\lib\cobol_archaeologist\agent\hunts\__init__.py -> build\bdist.win-amd64\wheel\.\cobol_archaeologist\agent\hunts
copying build\lib\cobol_archaeologist\agent\loop.py -> build\bdist.win-amd64\wheel\.\cobol_archaeologist\agent
copying build\lib\cobol_archaeologist\agent\policy.py -> build\bdist.win-amd64\wheel\.\cobol_archaeologist\agent
copying build\lib\cobol_archaeologist\agent\stub_tools.py -> build\bdist.win-amd64\wheel\.\cobol_archaeologist\agent
copying build\lib\cobol_archaeologist\agent\trajectory.py -> build\bdist.win-amd64\wheel\.\cobol_archaeologist\agent
copying build\lib\cobol_archaeologist\agent\__init__.py -> build\bdist.win-amd64\wheel\.\cobol_archaeologist\agent
creating build\bdist.win-amd64\wheel\cobol_archaeologist\benchmark
copying build\lib\cobol_archaeologist\benchmark\annotation.py -> build\bdist.win-amd64\wheel\.\cobol_archaeologist\benchmark
copying build\lib\cobol_archaeologist\benchmark\build.py -> build\bdist.win-amd64\wheel\.\cobol_archaeologist\benchmark
copying build\lib\cobol_archaeologist\benchmark\freeze.py -> build\bdist.win-amd64\wheel\.\cobol_archaeologist\benchmark
copying build\lib\cobol_archaeologist\benchmark\judge.py -> build\bdist.win-amd64\wheel\.\cobol_archaeologist\benchmark
copying build\lib\cobol_archaeologist\benchmark\mutate.py -> build\bdist.win-amd64\wheel\.\cobol_archaeologist\benchmark
copying build\lib\cobol_archaeologist\benchmark\splits.py -> build\bdist.win-amd64\wheel\.\cobol_archaeologist\benchmark
copying build\lib\cobol_archaeologist\benchmark\surface.py -> build\bdist.win-amd64\wheel\.\cobol_archaeologist\benchmark
copying build\lib\cobol_archaeologist\benchmark\t6_adjudication.py -> build\bdist.win-amd64\wheel\.\cobol_archaeologist\benchmark
copying build\lib\cobol_archaeologist\benchmark\t6_adjudication_bridge.py -> build\bdist.win-amd64\wheel\.\cobol_archaeologist\benchmark
copying build\lib\cobol_archaeologist\benchmark\t6_comparison.py -> build\bdist.win-amd64\wheel\.\cobol_archaeologist\benchmark
copying build\lib\cobol_archaeologist\benchmark\t6_pair_correction.py -> build\bdist.win-amd64\wheel\.\cobol_archaeologist\benchmark
copying build\lib\cobol_archaeologist\benchmark\t6_replacement.py -> build\bdist.win-amd64\wheel\.\cobol_archaeologist\benchmark
copying build\lib\cobol_archaeologist\benchmark\t6_review.py -> build\bdist.win-amd64\wheel\.\cobol_archaeologist\benchmark
copying build\lib\cobol_archaeologist\benchmark\t6_v2.py -> build\bdist.win-amd64\wheel\.\cobol_archaeologist\benchmark
copying build\lib\cobol_archaeologist\benchmark\__init__.py -> build\bdist.win-amd64\wheel\.\cobol_archaeologist\benchmark
copying build\lib\cobol_archaeologist\cli.py -> build\bdist.win-amd64\wheel\.\cobol_archaeologist
creating build\bdist.win-amd64\wheel\cobol_archaeologist\eval
copying build\lib\cobol_archaeologist\eval\ablations.py -> build\bdist.win-amd64\wheel\.\cobol_archaeologist\eval
copying build\lib\cobol_archaeologist\eval\ablation_report.py -> build\bdist.win-amd64\wheel\.\cobol_archaeologist\eval
copying build\lib\cobol_archaeologist\eval\baselines.py -> build\bdist.win-amd64\wheel\.\cobol_archaeologist\eval
copying build\lib\cobol_archaeologist\eval\calibration.py -> build\bdist.win-amd64\wheel\.\cobol_archaeologist\eval
copying build\lib\cobol_archaeologist\eval\codex_batch.py -> build\bdist.win-amd64\wheel\.\cobol_archaeologist\eval
copying build\lib\cobol_archaeologist\eval\codex_live.py -> build\bdist.win-amd64\wheel\.\cobol_archaeologist\eval
copying build\lib\cobol_archaeologist\eval\codex_native.py -> build\bdist.win-amd64\wheel\.\cobol_archaeologist\eval
copying build\lib\cobol_archaeologist\eval\codex_tool.py -> build\bdist.win-amd64\wheel\.\cobol_archaeologist\eval
copying build\lib\cobol_archaeologist\eval\collaboration_staging.py -> build\bdist.win-amd64\wheel\.\cobol_archaeologist\eval
copying build\lib\cobol_archaeologist\eval\collaboration_transport.py -> build\bdist.win-amd64\wheel\.\cobol_archaeologist\eval
copying build\lib\cobol_archaeologist\eval\config3_controls.py -> build\bdist.win-amd64\wheel\.\cobol_archaeologist\eval
copying build\lib\cobol_archaeologist\eval\config3_live.py -> build\bdist.win-amd64\wheel\.\cobol_archaeologist\eval
copying build\lib\cobol_archaeologist\eval\config3_prepare.py -> build\bdist.win-amd64\wheel\.\cobol_archaeologist\eval
copying build\lib\cobol_archaeologist\eval\config4_adaptive.py -> build\bdist.win-amd64\wheel\.\cobol_archaeologist\eval
copying build\lib\cobol_archaeologist\eval\config4_live.py -> build\bdist.win-amd64\wheel\.\cobol_archaeologist\eval
copying build\lib\cobol_archaeologist\eval\config4_prepare.py -> build\bdist.win-amd64\wheel\.\cobol_archaeologist\eval
copying build\lib\cobol_archaeologist\eval\config4_runner.py -> build\bdist.win-amd64\wheel\.\cobol_archaeologist\eval
copying build\lib\cobol_archaeologist\eval\live.py -> build\bdist.win-amd64\wheel\.\cobol_archaeologist\eval
copying build\lib\cobol_archaeologist\eval\materialize.py -> build\bdist.win-amd64\wheel\.\cobol_archaeologist\eval
copying build\lib\cobol_archaeologist\eval\metrics.py -> build\bdist.win-amd64\wheel\.\cobol_archaeologist\eval
copying build\lib\cobol_archaeologist\eval\phase5.py -> build\bdist.win-amd64\wheel\.\cobol_archaeologist\eval
copying build\lib\cobol_archaeologist\eval\phase5_close.py -> build\bdist.win-amd64\wheel\.\cobol_archaeologist\eval
copying build\lib\cobol_archaeologist\eval\phase5_complete.py -> build\bdist.win-amd64\wheel\.\cobol_archaeologist\eval
copying build\lib\cobol_archaeologist\eval\phase5_headline.py -> build\bdist.win-amd64\wheel\.\cobol_archaeologist\eval
copying build\lib\cobol_archaeologist\eval\phase5_report.py -> build\bdist.win-amd64\wheel\.\cobol_archaeologist\eval
copying build\lib\cobol_archaeologist\eval\phase5_reuse.py -> build\bdist.win-amd64\wheel\.\cobol_archaeologist\eval
copying build\lib\cobol_archaeologist\eval\report.py -> build\bdist.win-amd64\wheel\.\cobol_archaeologist\eval
copying build\lib\cobol_archaeologist\eval\run.py -> build\bdist.win-amd64\wheel\.\cobol_archaeologist\eval
copying build\lib\cobol_archaeologist\eval\schemas.py -> build\bdist.win-amd64\wheel\.\cobol_archaeologist\eval
copying build\lib\cobol_archaeologist\eval\statistics.py -> build\bdist.win-amd64\wheel\.\cobol_archaeologist\eval
copying build\lib\cobol_archaeologist\eval\trajectory.py -> build\bdist.win-amd64\wheel\.\cobol_archaeologist\eval
copying build\lib\cobol_archaeologist\eval\__init__.py -> build\bdist.win-amd64\wheel\.\cobol_archaeologist\eval
creating build\bdist.win-amd64\wheel\cobol_archaeologist\ingest
copying build\lib\cobol_archaeologist\ingest\cleaner.py -> build\bdist.win-amd64\wheel\.\cobol_archaeologist\ingest
copying build\lib\cobol_archaeologist\ingest\__init__.py -> build\bdist.win-amd64\wheel\.\cobol_archaeologist\ingest
creating build\bdist.win-amd64\wheel\cobol_archaeologist\mcp_server
copying build\lib\cobol_archaeologist\mcp_server\server.py -> build\bdist.win-amd64\wheel\.\cobol_archaeologist\mcp_server
copying build\lib\cobol_archaeologist\mcp_server\__init__.py -> build\bdist.win-amd64\wheel\.\cobol_archaeologist\mcp_server
creating build\bdist.win-amd64\wheel\cobol_archaeologist\migration
copying build\lib\cobol_archaeologist\migration\agent.py -> build\bdist.win-amd64\wheel\.\cobol_archaeologist\migration
copying build\lib\cobol_archaeologist\migration\ai_review.py -> build\bdist.win-amd64\wheel\.\cobol_archaeologist\migration
copying build\lib\cobol_archaeologist\migration\backend.py -> build\bdist.win-amd64\wheel\.\cobol_archaeologist\migration
copying build\lib\cobol_archaeologist\migration\contracts.py -> build\bdist.win-amd64\wheel\.\cobol_archaeologist\migration
copying build\lib\cobol_archaeologist\migration\report.py -> build\bdist.win-amd64\wheel\.\cobol_archaeologist\migration
copying build\lib\cobol_archaeologist\migration\roster.py -> build\bdist.win-amd64\wheel\.\cobol_archaeologist\migration
copying build\lib\cobol_archaeologist\migration\successor.py -> build\bdist.win-amd64\wheel\.\cobol_archaeologist\migration
copying build\lib\cobol_archaeologist\migration\validate.py -> build\bdist.win-amd64\wheel\.\cobol_archaeologist\migration
copying build\lib\cobol_archaeologist\migration\__init__.py -> build\bdist.win-amd64\wheel\.\cobol_archaeologist\migration
creating build\bdist.win-amd64\wheel\cobol_archaeologist\model
copying build\lib\cobol_archaeologist\model\cobc.py -> build\bdist.win-amd64\wheel\.\cobol_archaeologist\model
copying build\lib\cobol_archaeologist\model\prompt.py -> build\bdist.win-amd64\wheel\.\cobol_archaeologist\model
copying build\lib\cobol_archaeologist\model\provider.py -> build\bdist.win-amd64\wheel\.\cobol_archaeologist\model
copying build\lib\cobol_archaeologist\model\run_cobol.py -> build\bdist.win-amd64\wheel\.\cobol_archaeologist\model
copying build\lib\cobol_archaeologist\model\verify.py -> build\bdist.win-amd64\wheel\.\cobol_archaeologist\model
copying build\lib\cobol_archaeologist\model\__init__.py -> build\bdist.win-amd64\wheel\.\cobol_archaeologist\model
creating build\bdist.win-amd64\wheel\cobol_archaeologist\parser
copying build\lib\cobol_archaeologist\parser\copybooks.py -> build\bdist.win-amd64\wheel\.\cobol_archaeologist\parser
copying build\lib\cobol_archaeologist\parser\paragraphs.py -> build\bdist.win-amd64\wheel\.\cobol_archaeologist\parser
copying build\lib\cobol_archaeologist\parser\_grammar.py -> build\bdist.win-amd64\wheel\.\cobol_archaeologist\parser
copying build\lib\cobol_archaeologist\parser\__init__.py -> build\bdist.win-amd64\wheel\.\cobol_archaeologist\parser
creating build\bdist.win-amd64\wheel\cobol_archaeologist\rag
copying build\lib\cobol_archaeologist\rag\chunker.py -> build\bdist.win-amd64\wheel\.\cobol_archaeologist\rag
copying build\lib\cobol_archaeologist\rag\embed.py -> build\bdist.win-amd64\wheel\.\cobol_archaeologist\rag
copying build\lib\cobol_archaeologist\rag\hyde.py -> build\bdist.win-amd64\wheel\.\cobol_archaeologist\rag
copying build\lib\cobol_archaeologist\rag\index.py -> build\bdist.win-amd64\wheel\.\cobol_archaeologist\rag
copying build\lib\cobol_archaeologist\rag\pdf_loader.py -> build\bdist.win-amd64\wheel\.\cobol_archaeologist\rag
copying build\lib\cobol_archaeologist\rag\schemas.py -> build\bdist.win-amd64\wheel\.\cobol_archaeologist\rag
copying build\lib\cobol_archaeologist\rag\search.py -> build\bdist.win-amd64\wheel\.\cobol_archaeologist\rag
copying build\lib\cobol_archaeologist\rag\__init__.py -> build\bdist.win-amd64\wheel\.\cobol_archaeologist\rag
copying build\lib\cobol_archaeologist\schemas.py -> build\bdist.win-amd64\wheel\.\cobol_archaeologist
creating build\bdist.win-amd64\wheel\cobol_archaeologist\static_analysis
copying build\lib\cobol_archaeologist\static_analysis\call_graph.py -> build\bdist.win-amd64\wheel\.\cobol_archaeologist\static_analysis
copying build\lib\cobol_archaeologist\static_analysis\dataflow.py -> build\bdist.win-amd64\wheel\.\cobol_archaeologist\static_analysis
copying build\lib\cobol_archaeologist\static_analysis\slicer.py -> build\bdist.win-amd64\wheel\.\cobol_archaeologist\static_analysis
copying build\lib\cobol_archaeologist\static_analysis\__init__.py -> build\bdist.win-amd64\wheel\.\cobol_archaeologist\static_analysis
copying build\lib\cobol_archaeologist\tools.py -> build\bdist.win-amd64\wheel\.\cobol_archaeologist
copying build\lib\cobol_archaeologist\tool_types.py -> build\bdist.win-amd64\wheel\.\cobol_archaeologist
creating build\bdist.win-amd64\wheel\cobol_archaeologist\_assets
creating build\bdist.win-amd64\wheel\cobol_archaeologist\_assets\regulations
copying build\lib\cobol_archaeologist\_assets\regulations\clauses.jsonl -> build\bdist.win-amd64\wheel\.\cobol_archaeologist\_assets\regulations
creating build\bdist.win-amd64\wheel\cobol_archaeologist\_assets\regulations\sources
copying build\lib\cobol_archaeologist\_assets\regulations\sources\MANIFEST.json -> build\bdist.win-amd64\wheel\.\cobol_archaeologist\_assets\regulations\sources
copying build\lib\cobol_archaeologist\_assets\regulations\sources\README.md -> build\bdist.win-amd64\wheel\.\cobol_archaeologist\_assets\regulations\sources
creating build\bdist.win-amd64\wheel\cobol_archaeologist\_assets\tree-sitter-cobol
copying build\lib\cobol_archaeologist\_assets\tree-sitter-cobol\LICENSE -> build\bdist.win-amd64\wheel\.\cobol_archaeologist\_assets\tree-sitter-cobol
copying build\lib\cobol_archaeologist\_assets\tree-sitter-cobol\PINNED -> build\bdist.win-amd64\wheel\.\cobol_archaeologist\_assets\tree-sitter-cobol
creating build\bdist.win-amd64\wheel\cobol_archaeologist\_assets\tree-sitter-cobol\src
copying build\lib\cobol_archaeologist\_assets\tree-sitter-cobol\src\grammar.json -> build\bdist.win-amd64\wheel\.\cobol_archaeologist\_assets\tree-sitter-cobol\src
copying build\lib\cobol_archaeologist\_assets\tree-sitter-cobol\src\node-types.json -> build\bdist.win-amd64\wheel\.\cobol_archaeologist\_assets\tree-sitter-cobol\src
copying build\lib\cobol_archaeologist\_assets\tree-sitter-cobol\src\parser.c -> build\bdist.win-amd64\wheel\.\cobol_archaeologist\_assets\tree-sitter-cobol\src
copying build\lib\cobol_archaeologist\_assets\tree-sitter-cobol\src\scanner.c -> build\bdist.win-amd64\wheel\.\cobol_archaeologist\_assets\tree-sitter-cobol\src
creating build\bdist.win-amd64\wheel\cobol_archaeologist\_assets\tree-sitter-cobol\src\tree_sitter
copying build\lib\cobol_archaeologist\_assets\tree-sitter-cobol\src\tree_sitter\parser.h -> build\bdist.win-amd64\wheel\.\cobol_archaeologist\_assets\tree-sitter-cobol\src\tree_sitter
copying build\lib\cobol_archaeologist\_resources.py -> build\bdist.win-amd64\wheel\.\cobol_archaeologist
copying build\lib\cobol_archaeologist\__init__.py -> build\bdist.win-amd64\wheel\.\cobol_archaeologist
running install_egg_info
Copying src\cobol_archaeologist.egg-info to build\bdist.win-amd64\wheel\.\cobol_archaeologist-0.1.0-py3.12.egg-info
running install_scripts
creating build\bdist.win-amd64\wheel\cobol_archaeologist-0.1.0.dist-info\WHEEL
creating 'C:\\Users\\deepa\\AppData\\Local\\Temp\\cobol-release-final-8565cd36\\wheel\\.tmp-muoffbnj\\cobol_archaeologist-0.1.0-py3-none-any.whl' and adding 'build\\bdist.win-amd64\\wheel' to it
adding 'cobol_archaeologist/__init__.py'
adding 'cobol_archaeologist/_resources.py'
adding 'cobol_archaeologist/cli.py'
adding 'cobol_archaeologist/schemas.py'
adding 'cobol_archaeologist/tool_types.py'
adding 'cobol_archaeologist/tools.py'
adding 'cobol_archaeologist/_assets/regulations/clauses.jsonl'
adding 'cobol_archaeologist/_assets/regulations/sources/MANIFEST.json'
adding 'cobol_archaeologist/_assets/regulations/sources/README.md'
adding 'cobol_archaeologist/_assets/tree-sitter-cobol/LICENSE'
adding 'cobol_archaeologist/_assets/tree-sitter-cobol/PINNED'
adding 'cobol_archaeologist/_assets/tree-sitter-cobol/src/grammar.json'
adding 'cobol_archaeologist/_assets/tree-sitter-cobol/src/node-types.json'
adding 'cobol_archaeologist/_assets/tree-sitter-cobol/src/parser.c'
adding 'cobol_archaeologist/_assets/tree-sitter-cobol/src/scanner.c'
adding 'cobol_archaeologist/_assets/tree-sitter-cobol/src/tree_sitter/parser.h'
adding 'cobol_archaeologist/agent/__init__.py'
adding 'cobol_archaeologist/agent/adaptive.py'
adding 'cobol_archaeologist/agent/loop.py'
adding 'cobol_archaeologist/agent/policy.py'
adding 'cobol_archaeologist/agent/stub_tools.py'
adding 'cobol_archaeologist/agent/trajectory.py'
adding 'cobol_archaeologist/agent/hunts/__init__.py'
adding 'cobol_archaeologist/agent/hunts/d1.py'
adding 'cobol_archaeologist/agent/hunts/d2.py'
adding 'cobol_archaeologist/agent/hunts/d3.py'
adding 'cobol_archaeologist/agent/hunts/d4.py'
adding 'cobol_archaeologist/agent/hunts/d5.py'
adding 'cobol_archaeologist/agent/hunts/d6.py'
adding 'cobol_archaeologist/agent/hunts/d7.py'
adding 'cobol_archaeologist/benchmark/__init__.py'
adding 'cobol_archaeologist/benchmark/annotation.py'
adding 'cobol_archaeologist/benchmark/build.py'
adding 'cobol_archaeologist/benchmark/freeze.py'
adding 'cobol_archaeologist/benchmark/judge.py'
adding 'cobol_archaeologist/benchmark/mutate.py'
adding 'cobol_archaeologist/benchmark/splits.py'
adding 'cobol_archaeologist/benchmark/surface.py'
adding 'cobol_archaeologist/benchmark/t6_adjudication.py'
adding 'cobol_archaeologist/benchmark/t6_adjudication_bridge.py'
adding 'cobol_archaeologist/benchmark/t6_comparison.py'
adding 'cobol_archaeologist/benchmark/t6_pair_correction.py'
adding 'cobol_archaeologist/benchmark/t6_replacement.py'
adding 'cobol_archaeologist/benchmark/t6_review.py'
adding 'cobol_archaeologist/benchmark/t6_v2.py'
adding 'cobol_archaeologist/eval/__init__.py'
adding 'cobol_archaeologist/eval/ablation_report.py'
adding 'cobol_archaeologist/eval/ablations.py'
adding 'cobol_archaeologist/eval/baselines.py'
adding 'cobol_archaeologist/eval/calibration.py'
adding 'cobol_archaeologist/eval/codex_batch.py'
adding 'cobol_archaeologist/eval/codex_live.py'
adding 'cobol_archaeologist/eval/codex_native.py'
adding 'cobol_archaeologist/eval/codex_tool.py'
adding 'cobol_archaeologist/eval/collaboration_staging.py'
adding 'cobol_archaeologist/eval/collaboration_transport.py'
adding 'cobol_archaeologist/eval/config3_controls.py'
adding 'cobol_archaeologist/eval/config3_live.py'
adding 'cobol_archaeologist/eval/config3_prepare.py'
adding 'cobol_archaeologist/eval/config4_adaptive.py'
adding 'cobol_archaeologist/eval/config4_live.py'
adding 'cobol_archaeologist/eval/config4_prepare.py'
adding 'cobol_archaeologist/eval/config4_runner.py'
adding 'cobol_archaeologist/eval/live.py'
adding 'cobol_archaeologist/eval/materialize.py'
adding 'cobol_archaeologist/eval/metrics.py'
adding 'cobol_archaeologist/eval/phase5.py'
adding 'cobol_archaeologist/eval/phase5_close.py'
adding 'cobol_archaeologist/eval/phase5_complete.py'
adding 'cobol_archaeologist/eval/phase5_headline.py'
adding 'cobol_archaeologist/eval/phase5_report.py'
adding 'cobol_archaeologist/eval/phase5_reuse.py'
adding 'cobol_archaeologist/eval/report.py'
adding 'cobol_archaeologist/eval/run.py'
adding 'cobol_archaeologist/eval/schemas.py'
adding 'cobol_archaeologist/eval/statistics.py'
adding 'cobol_archaeologist/eval/trajectory.py'
adding 'cobol_archaeologist/ingest/__init__.py'
adding 'cobol_archaeologist/ingest/cleaner.py'
adding 'cobol_archaeologist/mcp_server/__init__.py'
adding 'cobol_archaeologist/mcp_server/server.py'
adding 'cobol_archaeologist/migration/__init__.py'
adding 'cobol_archaeologist/migration/agent.py'
adding 'cobol_archaeologist/migration/ai_review.py'
adding 'cobol_archaeologist/migration/backend.py'
adding 'cobol_archaeologist/migration/contracts.py'
adding 'cobol_archaeologist/migration/report.py'
adding 'cobol_archaeologist/migration/roster.py'
adding 'cobol_archaeologist/migration/successor.py'
adding 'cobol_archaeologist/migration/validate.py'
adding 'cobol_archaeologist/model/__init__.py'
adding 'cobol_archaeologist/model/cobc.py'
adding 'cobol_archaeologist/model/prompt.py'
adding 'cobol_archaeologist/model/provider.py'
adding 'cobol_archaeologist/model/run_cobol.py'
adding 'cobol_archaeologist/model/verify.py'
adding 'cobol_archaeologist/parser/__init__.py'
adding 'cobol_archaeologist/parser/_grammar.py'
adding 'cobol_archaeologist/parser/copybooks.py'
adding 'cobol_archaeologist/parser/paragraphs.py'
adding 'cobol_archaeologist/rag/__init__.py'
adding 'cobol_archaeologist/rag/chunker.py'
adding 'cobol_archaeologist/rag/embed.py'
adding 'cobol_archaeologist/rag/hyde.py'
adding 'cobol_archaeologist/rag/index.py'
adding 'cobol_archaeologist/rag/pdf_loader.py'
adding 'cobol_archaeologist/rag/schemas.py'
adding 'cobol_archaeologist/rag/search.py'
adding 'cobol_archaeologist/static_analysis/__init__.py'
adding 'cobol_archaeologist/static_analysis/call_graph.py'
adding 'cobol_archaeologist/static_analysis/dataflow.py'
adding 'cobol_archaeologist/static_analysis/slicer.py'
adding 'cobol_archaeologist-0.1.0.dist-info/licenses/LICENSE'
adding 'cobol_archaeologist-0.1.0.dist-info/METADATA'
adding 'cobol_archaeologist-0.1.0.dist-info/WHEEL'
adding 'cobol_archaeologist-0.1.0.dist-info/entry_points.txt'
adding 'cobol_archaeologist-0.1.0.dist-info/top_level.txt'
adding 'cobol_archaeologist-0.1.0.dist-info/RECORD'
removing build\bdist.win-amd64\wheel
Successfully built cobol_archaeologist-0.1.0-py3-none-any.whl
