Loading weights:   0%|          | 0/199 [00:00<?, ?it/s]Loading weights:  71%|███████   | 141/199 [00:00<00:00, 1408.06it/s]Loading weights: 100%|██████████| 199/199 [00:00<00:00, 1557.27it/s]
[10/07/26 04:04:51] INFO     Processing request of type            server.py:733
                             ListToolsRequest                                   
                    INFO     Processing request of type            server.py:733
                             CallToolRequest                                    
                    INFO     creating                             dir_util.py:58
                             /tmp/tmpn9ykoo_mtree_sitter_language               
                             /opt/runtime/lib/python3.12/site-pac               
                             kages/cobol_archaeologist/_assets/tr               
                             ee-sitter-cobol/src                                
                    INFO     cc -fPIC -std=c11                       spawn.py:75
                             -I/opt/runtime/lib/python3.12/site-pack            
                             ages/cobol_archaeologist/_assets/tree-s            
                             itter-cobol/src -c                                 
                             /opt/runtime/lib/python3.12/site-packag            
                             es/cobol_archaeologist/_assets/tree-sit            
                             ter-cobol/src/parser.c -o                          
                             /tmp/tmpn9ykoo_mtree_sitter_language/op            
                             t/runtime/lib/python3.12/site-packages/            
                             cobol_archaeologist/_assets/tree-sitter            
                             -cobol/src/parser.o                                
[10/07/26 04:04:57] INFO     cc -fPIC -std=c11                       spawn.py:75
                             -I/opt/runtime/lib/python3.12/site-pack            
                             ages/cobol_archaeologist/_assets/tree-s            
                             itter-cobol/src -c                                 
                             /opt/runtime/lib/python3.12/site-packag            
                             es/cobol_archaeologist/_assets/tree-sit            
                             ter-cobol/src/scanner.c -o                         
                             /tmp/tmpn9ykoo_mtree_sitter_language/op            
                             t/runtime/lib/python3.12/site-packages/            
                             cobol_archaeologist/_assets/tree-sitter            
                             -cobol/src/scanner.o                               
                    INFO     cc -shared                              spawn.py:75
                             /tmp/tmpn9ykoo_mtree_sitter_language/op            
                             t/runtime/lib/python3.12/site-packages/            
                             cobol_archaeologist/_assets/tree-sitter            
                             -cobol/src/parser.o                                
                             /tmp/tmpn9ykoo_mtree_sitter_language/op            
                             t/runtime/lib/python3.12/site-packages/            
                             cobol_archaeologist/_assets/tree-sitter            
                             -cobol/src/scanner.o -o                            
                             /tmp/cobol-archaeologist/grammar/e99dbd            
                             c3d800-cpython-312-linux-x86_64/tree_si            
                             tter_cobol.so                                      
[10/07/26 04:04:58] INFO     Processing request of type            server.py:733
                             CallToolRequest                                    
                    INFO     Processing request of type            server.py:733
                             CallToolRequest                                    
                    INFO     No modules.json found for              model.py:990
                             cross-encoder/ms-marco-MiniLM-L-6-v2,              
                             initializing a new CrossEncoder model.             
                    WARNING  The Transformer `cache_dir`        decorators.py:79
                             argument is deprecated. Please                     
                             pass `cache_dir` via                               
                             `model_kwargs`,                                    
                             `processor_kwargs`, and/or                         
                             `config_kwargs` instead.                           
Loading weights:   0%|          | 0/105 [00:00<?, ?it/s]Loading weights: 100%|██████████| 105/105 [00:00<00:00, 1065.12it/s]
[10/07/26 04:05:00] INFO     Processing request of type            server.py:733
                             CallToolRequest                                    
                    INFO     Processing request of type            server.py:733
                             CallToolRequest                                    
