Loading weights:   0%|          | 0/199 [00:00<?, ?it/s]Loading weights: 100%|##########| 199/199 [00:00<00:00, 7153.28it/s]
[10/07/26 05:38:41] INFO     Processing request of type           server.py:733
                             ListToolsRequest                                  
                    INFO     Processing request of type           server.py:733
                             CallToolRequest                                   
[10/07/26 05:38:48] INFO     Processing request of type           server.py:733
                             CallToolRequest                                   
                    INFO     Processing request of type           server.py:733
                             CallToolRequest                                   
[10/07/26 05:38:49] INFO     No modules.json found for             model.py:990
                             cross-encoder/ms-marco-MiniLM-L-6-v2,             
                             initializing a new CrossEncoder                   
                             model.                                            
                    WARNING  The Transformer `cache_dir`       decorators.py:79
                             argument is deprecated. Please                    
                             pass `cache_dir` via                              
                             `model_kwargs`,                                   
                             `processor_kwargs`, and/or                        
                             `config_kwargs` instead.                          
Loading weights:   0%|          | 0/105 [00:00<?, ?it/s]Loading weights: 100%|##########| 105/105 [00:00<00:00, 6337.63it/s]
                    INFO     Processing request of type           server.py:733
                             CallToolRequest                                   
